src/app/admin/tenants/page.tsx(3,17): error TS2307: Cannot find module '@/lib/api' or its corresponding type declarations.
